/home/josue/Documentos/Faculdade/5-Semestre/Micro/praticas2.0/uart/F1_Header/Include/core_cm3.h:1511:22:__NVIC_EnableIRQ	16	static
../Src/main.c:30:5:main	8	static
../Src/main.c:83:6:resetDemoMode	4	static
../Src/main.c:95:6:updateColorSequence	4	static
../Src/main.c:162:6:uart_write	16	static
../Src/main.c:174:6:USART1Config	8	static
../Src/main.c:192:6:RCCEnable	4	static
../Src/main.c:201:6:GPIOConfig	4	static
../Src/main.c:217:6:timer2Config	8	static
../Src/main.c:234:6:TIM2_IRQHandler	8	static
../Src/main.c:243:6:Timer3Config	4	static
../Src/main.c:262:6:USART1_IRQHandler	8	static
